
@@@ call graph @@@

entry points:

test test
  -> f at tests/ui/call_graph/unsafety/mark_calls_from_unsafe_blocks_in_macros_as_unsafe.rs:22:1: 22:7 (#0)

nested calls at distance 1:

f at tests/ui/call_graph/unsafety/mark_calls_from_unsafe_blocks_in_macros_as_unsafe.rs:22:1: 22:7 (#0)
  -> fn_called_from_macro at tests/ui/call_graph/unsafety/mark_calls_from_unsafe_blocks_in_macros_as_unsafe.rs:10:1: 10:26 (#0)
  -> fn_called_from_unsafe_block_in_macro at tests/ui/call_graph/unsafety/mark_calls_from_unsafe_blocks_in_macros_as_unsafe.rs:15:1: 15:42 (#0)

@@@ targets @@@

tests -(1)-> [tainted] fn_called_from_macro at tests/ui/call_graph/unsafety/mark_calls_from_unsafe_blocks_in_macros_as_unsafe.rs:10:1: 10:26 (#0)
  (1) [tainted] test

tests -(1)-> [tainted] fn_called_from_unsafe_block_in_macro at tests/ui/call_graph/unsafety/mark_calls_from_unsafe_blocks_in_macros_as_unsafe.rs:15:1: 15:42 (#0)
  (1) [tainted] test

tests -(0)-> [unsafe] f at tests/ui/call_graph/unsafety/mark_calls_from_unsafe_blocks_in_macros_as_unsafe.rs:22:1: 22:7 (#0)
  (0) test

targets: 3 total; 0 safe; 3 unsafe (2 tainted)
