0 mutants; 0 mutations; 0 safe; 0 unsafe (0 tainted); 0 batched; 0 unbatched
