[arg_default_shadow] ignore `a` argument by shadowing it with `Default::default()` in mutable_fn at tests/ui/evaluation/failing_run.rs:7:15: 7:21
  <-(0)- non_asserting_test

[arg_default_shadow] ignore `b` argument by shadowing it with `Default::default()` in mutable_fn at tests/ui/evaluation/failing_run.rs:7:23: 7:29
  <-(0)- non_asserting_test

[math_op_add_mul_swap] swap operator `+` for `*` in mutable_fn at tests/ui/evaluation/failing_run.rs:8:5: 8:10
  <-(0)- non_asserting_test

[math_op_add_sub_swap] swap operator `+` for `-` in mutable_fn at tests/ui/evaluation/failing_run.rs:8:5: 8:10
  <-(0)- non_asserting_test

4 mutations; 4 safe; 0 unsafe (0 tainted)

---

profiling reference test run

applying mutation:
- [arg_default_shadow] ignore `a` argument by shadowing it with `Default::default()` at tests/ui/evaluation/failing_run.rs:7:15: 7:21

ran 1 out of 1 test

warning: [arg_default_shadow] mutation was not detected
 --> tests/ui/evaluation/failing_run.rs:7:15
  |
7 | fn mutable_fn(a: u32, b: u32) -> u32 {
  |               ^^^^^^ ignore argument by shadowing it with `Default::default()`
  |
  = note: local `a` inserted: `let a: u32 = ::core::default::Default::default();`

applying mutation:
- [arg_default_shadow] ignore `b` argument by shadowing it with `Default::default()` at tests/ui/evaluation/failing_run.rs:7:23: 7:29

ran 1 out of 1 test

warning: [arg_default_shadow] mutation was not detected
 --> tests/ui/evaluation/failing_run.rs:7:23
  |
7 | fn mutable_fn(a: u32, b: u32) -> u32 {
  |                       ^^^^^^ ignore argument by shadowing it with `Default::default()`
  |
  = note: local `b` inserted: `let b: u32 = ::core::default::Default::default();`

applying mutation:
- [math_op_add_mul_swap] swap operator `+` for `*` at tests/ui/evaluation/failing_run.rs:8:5: 8:10

ran 1 out of 1 test

warning: [math_op_add_mul_swap] mutation was not detected
 --> tests/ui/evaluation/failing_run.rs:8:5
  |
8 |     a + b
  |     ^^^^^ swap operator for `*`
  |
  = note: expression replaced with: `a * b`

applying mutation:
- [math_op_add_sub_swap] swap operator `+` for `-` at tests/ui/evaluation/failing_run.rs:8:5: 8:10

ran 1 out of 1 test

mutations: 25.00%. 1 detected (0 timed out; 0 crashed); 3 undetected; 4 total
     safe: 25.00%. 1 detected (0 timed out; 0 crashed); 3 undetected; 4 total
   unsafe: none. 0 detected (0 timed out; 0 crashed); 0 undetected; 0 total
