
@@@ call graph @@@

entry points:

test test
  -> f at tests/ui/call_graph/single_call_edge_per_def_instance.rs:6:1: 6:7 (#0)
  -> f_generic::<i32> at tests/ui/call_graph/single_call_edge_per_def_instance.rs:11:1: 11:22 (#0)
  -> f_generic::<usize> at tests/ui/call_graph/single_call_edge_per_def_instance.rs:11:1: 11:22 (#0)

nested calls at distance 1:

f at tests/ui/call_graph/single_call_edge_per_def_instance.rs:6:1: 6:7 (#0)
  -> f_generic::<u8> at tests/ui/call_graph/single_call_edge_per_def_instance.rs:11:1: 11:22 (#0)

@@@ targets @@@

tests -(0)-> f at tests/ui/call_graph/single_call_edge_per_def_instance.rs:6:1: 6:7 (#0)
  (0) test

tests -(0)-> f_generic at tests/ui/call_graph/single_call_edge_per_def_instance.rs:11:1: 11:22 (#0)
  (0) test

targets: 2 total; 2 safe; 0 unsafe (0 tainted)
