warning: explicit call graph trace length limit option ignored as mutation depth exceeds it
  |
  = note: mutation depth is set to 5
  = note: call graph trace length limit was explicitly set to 3, but will be ignored

